++++ aserv-test-0.1 PASSED
++++ aserv-test-1.0 PASSED
++++ aserv-test-1.0.1 PASSED
++++ aserv-test-1.1.0 PASSED
++++ aserv-test-1.1.1 PASSED
++++ aserv-test-1.1.2 PASSED
++++ aserv-test-1.2 PASSED
++++ aserv-test-1.2.1 PASSED
++++ aserv-test-1.2.2 PASSED
++++ aserv-test-1.3.0 PASSED
++++ aserv-test-1.3.1 PASSED
++++ aserv-test-1.3.99 PASSED
++++ aserv-test-99.0 PASSED
all.tcl:	Total	13	Passed	13	Skipped	0	Failed	0
Sourced 0 Test Files.
